     1                                  section .text
     2                                  
     3                                  global _start
     4                                  
     5                                  _start:
     6 00000000 B801000000                  mov rax, 0x1
     7 00000005 BF01000000                  mov rdi, 0x1
     8 0000000A 48BE-                       mov rsi, msg
     8 0000000C [0000000000000000] 
     9 00000014 BA0E000000                  mov rdx, len
    10 00000019 0F05                        syscall
    11                                      
    12 0000001B 4883F80E                    cmp rax, len ; rax не меняется, код ошибки не теряем, если она есть
    13 0000001F 7C0C                        JL errorSection ; % Выведено меньше символов, чем ожидалось (если есть ошибка, то результат автоматически будет отрицательным)
    14                                      
    15 00000021 B83C000000                  mov rax, 0x3c
    16 00000026 BF00000000                  mov rdi, 0x0
    17 0000002B 0F05                        syscall
    18                                  
    19                                      
    20                                  
    21                                  errorSection:
    22                                      ; Вывелись не все символы на экран или есть ошибка
    23                                      ; Код ошибки лежим в rax, здесь возможна какая-то дополнительная логика
    24 0000002D B801000000                  mov rax, 0x1
    25 00000032 BF02000000                  mov rdi, 0x2
    26 00000037 48BE-                       mov rsi, erMsg
    26 00000039 [0E00000000000000] 
    27 00000041 BA1E000000                  mov rdx, erMsgLen
    28 00000046 0F05                        syscall
    29                                      
    30 00000048 B83C000000                  mov rax, 0x3c
    31 0000004D BF01000000                  mov rdi, 0x1
    32 00000052 0F05                        syscall
    33                                      
    34                                  
    35                                  section .data
    36 00000000 48656C6C6F20776F72-         msg db  "Hello world!", "\n"
    36 00000009 6C64215C6E         
    37                                      len equ $ - msg
    38 0000000E 4572726F7220686170-         erMsg db "Error happed during writing!", "\n"
    38 00000017 70656420647572696E-
    38 00000020 672077726974696E67-
    38 00000029 215C6E             
    39                                      erMsgLen equ $ - erMsg
    40                                  
